node_modules/react-hook-form/dist/form.d.ts(1,8): error TS1259: Module '"D:/MILELE SOFTEWAR/milele-frontend/node_modules/@types/react/index"' can only be default-imported using the 'esModuleInterop' flag
node_modules/react-hook-form/dist/types/controller.d.ts(1,13): error TS1259: Module '"D:/MILELE SOFTEWAR/milele-frontend/node_modules/@types/react/index"' can only be default-imported using the 'esModuleInterop' flag
node_modules/react-hook-form/dist/types/form.d.ts(1,13): error TS1259: Module '"D:/MILELE SOFTEWAR/milele-frontend/node_modules/@types/react/index"' can only be default-imported using the 'esModuleInterop' flag
node_modules/react-hook-form/dist/useFormContext.d.ts(1,8): error TS1259: Module '"D:/MILELE SOFTEWAR/milele-frontend/node_modules/@types/react/index"' can only be default-imported using the 'esModuleInterop' flag
node_modules/sonner/dist/index.d.ts(1,8): error TS1259: Module '"D:/MILELE SOFTEWAR/milele-frontend/node_modules/@types/react/index"' can only be default-imported using the 'esModuleInterop' flag
node_modules/zod/v3/errors.d.cts(2,8): error TS1259: Module '"D:/MILELE SOFTEWAR/milele-frontend/node_modules/zod/v3/locales/en"' can only be default-imported using the 'esModuleInterop' flag
node_modules/zod/v4/locales/index.d.cts(1,21): error TS1259: Module '"D:/MILELE SOFTEWAR/milele-frontend/node_modules/zod/v4/locales/ar"' can only be default-imported using the 'esModuleInterop' flag
node_modules/zod/v4/locales/index.d.cts(2,21): error TS1259: Module '"D:/MILELE SOFTEWAR/milele-frontend/node_modules/zod/v4/locales/az"' can only be default-imported using the 'esModuleInterop' flag
node_modules/zod/v4/locales/index.d.cts(3,21): error TS1259: Module '"D:/MILELE SOFTEWAR/milele-frontend/node_modules/zod/v4/locales/be"' can only be default-imported using the 'esModuleInterop' flag
node_modules/zod/v4/locales/index.d.cts(4,21): error TS1259: Module '"D:/MILELE SOFTEWAR/milele-frontend/node_modules/zod/v4/locales/bg"' can only be default-imported using the 'esModuleInterop' flag
node_modules/zod/v4/locales/index.d.cts(5,21): error TS1259: Module '"D:/MILELE SOFTEWAR/milele-frontend/node_modules/zod/v4/locales/ca"' can only be default-imported using the 'esModuleInterop' flag
node_modules/zod/v4/locales/index.d.cts(6,21): error TS1259: Module '"D:/MILELE SOFTEWAR/milele-frontend/node_modules/zod/v4/locales/cs"' can only be default-imported using the 'esModuleInterop' flag
node_modules/zod/v4/locales/index.d.cts(7,21): error TS1259: Module '"D:/MILELE SOFTEWAR/milele-frontend/node_modules/zod/v4/locales/da"' can only be default-imported using the 'esModuleInterop' flag
node_modules/zod/v4/locales/index.d.cts(8,21): error TS1259: Module '"D:/MILELE SOFTEWAR/milele-frontend/node_modules/zod/v4/locales/de"' can only be default-imported using the 'esModuleInterop' flag
node_modules/zod/v4/locales/index.d.cts(9,21): error TS1259: Module '"D:/MILELE SOFTEWAR/milele-frontend/node_modules/zod/v4/locales/en"' can only be default-imported using the 'esModuleInterop' flag
node_modules/zod/v4/locales/index.d.cts(10,21): error TS1259: Module '"D:/MILELE SOFTEWAR/milele-frontend/node_modules/zod/v4/locales/eo"' can only be default-imported using the 'esModuleInterop' flag
node_modules/zod/v4/locales/index.d.cts(11,21): error TS1259: Module '"D:/MILELE SOFTEWAR/milele-frontend/node_modules/zod/v4/locales/es"' can only be default-imported using the 'esModuleInterop' flag
node_modules/zod/v4/locales/index.d.cts(12,21): error TS1259: Module '"D:/MILELE SOFTEWAR/milele-frontend/node_modules/zod/v4/locales/fa"' can only be default-imported using the 'esModuleInterop' flag
node_modules/zod/v4/locales/index.d.cts(13,21): error TS1259: Module '"D:/MILELE SOFTEWAR/milele-frontend/node_modules/zod/v4/locales/fi"' can only be default-imported using the 'esModuleInterop' flag
node_modules/zod/v4/locales/index.d.cts(14,21): error TS1259: Module '"D:/MILELE SOFTEWAR/milele-frontend/node_modules/zod/v4/locales/fr"' can only be default-imported using the 'esModuleInterop' flag
node_modules/zod/v4/locales/index.d.cts(15,21): error TS1259: Module '"D:/MILELE SOFTEWAR/milele-frontend/node_modules/zod/v4/locales/fr-CA"' can only be default-imported using the 'esModuleInterop' flag
node_modules/zod/v4/locales/index.d.cts(16,21): error TS1259: Module '"D:/MILELE SOFTEWAR/milele-frontend/node_modules/zod/v4/locales/he"' can only be default-imported using the 'esModuleInterop' flag
node_modules/zod/v4/locales/index.d.cts(17,21): error TS1259: Module '"D:/MILELE SOFTEWAR/milele-frontend/node_modules/zod/v4/locales/hu"' can only be default-imported using the 'esModuleInterop' flag
node_modules/zod/v4/locales/index.d.cts(18,21): error TS1259: Module '"D:/MILELE SOFTEWAR/milele-frontend/node_modules/zod/v4/locales/hy"' can only be default-imported using the 'esModuleInterop' flag
node_modules/zod/v4/locales/index.d.cts(19,21): error TS1259: Module '"D:/MILELE SOFTEWAR/milele-frontend/node_modules/zod/v4/locales/id"' can only be default-imported using the 'esModuleInterop' flag
node_modules/zod/v4/locales/index.d.cts(20,21): error TS1259: Module '"D:/MILELE SOFTEWAR/milele-frontend/node_modules/zod/v4/locales/is"' can only be default-imported using the 'esModuleInterop' flag
node_modules/zod/v4/locales/index.d.cts(21,21): error TS1259: Module '"D:/MILELE SOFTEWAR/milele-frontend/node_modules/zod/v4/locales/it"' can only be default-imported using the 'esModuleInterop' flag
node_modules/zod/v4/locales/index.d.cts(22,21): error TS1259: Module '"D:/MILELE SOFTEWAR/milele-frontend/node_modules/zod/v4/locales/ja"' can only be default-imported using the 'esModuleInterop' flag
node_modules/zod/v4/locales/index.d.cts(23,21): error TS1259: Module '"D:/MILELE SOFTEWAR/milele-frontend/node_modules/zod/v4/locales/ka"' can only be default-imported using the 'esModuleInterop' flag
node_modules/zod/v4/locales/index.d.cts(24,21): error TS1259: Module '"D:/MILELE SOFTEWAR/milele-frontend/node_modules/zod/v4/locales/kh"' can only be default-imported using the 'esModuleInterop' flag
node_modules/zod/v4/locales/index.d.cts(25,21): error TS1259: Module '"D:/MILELE SOFTEWAR/milele-frontend/node_modules/zod/v4/locales/km"' can only be default-imported using the 'esModuleInterop' flag
node_modules/zod/v4/locales/index.d.cts(26,21): error TS1259: Module '"D:/MILELE SOFTEWAR/milele-frontend/node_modules/zod/v4/locales/ko"' can only be default-imported using the 'esModuleInterop' flag
node_modules/zod/v4/locales/index.d.cts(27,21): error TS1259: Module '"D:/MILELE SOFTEWAR/milele-frontend/node_modules/zod/v4/locales/lt"' can only be default-imported using the 'esModuleInterop' flag
node_modules/zod/v4/locales/index.d.cts(28,21): error TS1259: Module '"D:/MILELE SOFTEWAR/milele-frontend/node_modules/zod/v4/locales/mk"' can only be default-imported using the 'esModuleInterop' flag
node_modules/zod/v4/locales/index.d.cts(29,21): error TS1259: Module '"D:/MILELE SOFTEWAR/milele-frontend/node_modules/zod/v4/locales/ms"' can only be default-imported using the 'esModuleInterop' flag
node_modules/zod/v4/locales/index.d.cts(30,21): error TS1259: Module '"D:/MILELE SOFTEWAR/milele-frontend/node_modules/zod/v4/locales/nl"' can only be default-imported using the 'esModuleInterop' flag
node_modules/zod/v4/locales/index.d.cts(31,21): error TS1259: Module '"D:/MILELE SOFTEWAR/milele-frontend/node_modules/zod/v4/locales/no"' can only be default-imported using the 'esModuleInterop' flag
node_modules/zod/v4/locales/index.d.cts(32,21): error TS1259: Module '"D:/MILELE SOFTEWAR/milele-frontend/node_modules/zod/v4/locales/ota"' can only be default-imported using the 'esModuleInterop' flag
node_modules/zod/v4/locales/index.d.cts(33,21): error TS1259: Module '"D:/MILELE SOFTEWAR/milele-frontend/node_modules/zod/v4/locales/ps"' can only be default-imported using the 'esModuleInterop' flag
node_modules/zod/v4/locales/index.d.cts(34,21): error TS1259: Module '"D:/MILELE SOFTEWAR/milele-frontend/node_modules/zod/v4/locales/pl"' can only be default-imported using the 'esModuleInterop' flag
node_modules/zod/v4/locales/index.d.cts(35,21): error TS1259: Module '"D:/MILELE SOFTEWAR/milele-frontend/node_modules/zod/v4/locales/pt"' can only be default-imported using the 'esModuleInterop' flag
node_modules/zod/v4/locales/index.d.cts(36,21): error TS1259: Module '"D:/MILELE SOFTEWAR/milele-frontend/node_modules/zod/v4/locales/ru"' can only be default-imported using the 'esModuleInterop' flag
node_modules/zod/v4/locales/index.d.cts(37,21): error TS1259: Module '"D:/MILELE SOFTEWAR/milele-frontend/node_modules/zod/v4/locales/sl"' can only be default-imported using the 'esModuleInterop' flag
node_modules/zod/v4/locales/index.d.cts(38,21): error TS1259: Module '"D:/MILELE SOFTEWAR/milele-frontend/node_modules/zod/v4/locales/sv"' can only be default-imported using the 'esModuleInterop' flag
node_modules/zod/v4/locales/index.d.cts(39,21): error TS1259: Module '"D:/MILELE SOFTEWAR/milele-frontend/node_modules/zod/v4/locales/ta"' can only be default-imported using the 'esModuleInterop' flag
node_modules/zod/v4/locales/index.d.cts(40,21): error TS1259: Module '"D:/MILELE SOFTEWAR/milele-frontend/node_modules/zod/v4/locales/th"' can only be default-imported using the 'esModuleInterop' flag
node_modules/zod/v4/locales/index.d.cts(41,21): error TS1259: Module '"D:/MILELE SOFTEWAR/milele-frontend/node_modules/zod/v4/locales/tr"' can only be default-imported using the 'esModuleInterop' flag
node_modules/zod/v4/locales/index.d.cts(42,21): error TS1259: Module '"D:/MILELE SOFTEWAR/milele-frontend/node_modules/zod/v4/locales/ua"' can only be default-imported using the 'esModuleInterop' flag
node_modules/zod/v4/locales/index.d.cts(43,21): error TS1259: Module '"D:/MILELE SOFTEWAR/milele-frontend/node_modules/zod/v4/locales/uk"' can only be default-imported using the 'esModuleInterop' flag
node_modules/zod/v4/locales/index.d.cts(44,21): error TS1259: Module '"D:/MILELE SOFTEWAR/milele-frontend/node_modules/zod/v4/locales/ur"' can only be default-imported using the 'esModuleInterop' flag
node_modules/zod/v4/locales/index.d.cts(45,21): error TS1259: Module '"D:/MILELE SOFTEWAR/milele-frontend/node_modules/zod/v4/locales/uz"' can only be default-imported using the 'esModuleInterop' flag
node_modules/zod/v4/locales/index.d.cts(46,21): error TS1259: Module '"D:/MILELE SOFTEWAR/milele-frontend/node_modules/zod/v4/locales/vi"' can only be default-imported using the 'esModuleInterop' flag
node_modules/zod/v4/locales/index.d.cts(47,21): error TS1259: Module '"D:/MILELE SOFTEWAR/milele-frontend/node_modules/zod/v4/locales/zh-CN"' can only be default-imported using the 'esModuleInterop' flag
node_modules/zod/v4/locales/index.d.cts(48,21): error TS1259: Module '"D:/MILELE SOFTEWAR/milele-frontend/node_modules/zod/v4/locales/zh-TW"' can only be default-imported using the 'esModuleInterop' flag
node_modules/zod/v4/locales/index.d.cts(49,21): error TS1259: Module '"D:/MILELE SOFTEWAR/milele-frontend/node_modules/zod/v4/locales/yo"' can only be default-imported using the 'esModuleInterop' flag
src/features/accounting/api/accountingApi.ts(1,21): error TS2307: Cannot find module '@/services/api' or its corresponding type declarations.
src/features/accounting/api/accountingApi.ts(28,21): error TS2347: Untyped function calls may not accept type arguments.
src/features/accounting/api/accountingApi.ts(35,19): error TS2347: Untyped function calls may not accept type arguments.
src/features/accounting/api/accountingApi.ts(39,22): error TS2347: Untyped function calls may not accept type arguments.
src/features/accounting/api/accountingApi.ts(47,22): error TS2347: Untyped function calls may not accept type arguments.
src/features/accounting/api/accountingApi.ts(55,22): error TS2347: Untyped function calls may not accept type arguments.
src/features/accounting/api/accountingApi.ts(62,24): error TS2347: Untyped function calls may not accept type arguments.
src/features/accounting/api/accountingApi.ts(69,28): error TS2347: Untyped function calls may not accept type arguments.
src/features/accounting/api/accountingApi.ts(73,26): error TS2347: Untyped function calls may not accept type arguments.
src/features/accounting/api/accountingApi.ts(80,23): error TS2347: Untyped function calls may not accept type arguments.
src/features/accounting/api/accountingApi.ts(87,31): error TS2347: Untyped function calls may not accept type arguments.
src/features/accounting/api/accountingApi.ts(96,22): error TS2347: Untyped function calls may not accept type arguments.
src/features/accounting/api/accountingApi.ts(100,21): error TS2347: Untyped function calls may not accept type arguments.
src/features/accounting/api/accountingApi.ts(104,24): error TS2347: Untyped function calls may not accept type arguments.
src/features/accounting/api/accountingApi.ts(112,24): error TS2347: Untyped function calls may not accept type arguments.
src/features/accounting/api/accountingApi.ts(120,24): error TS2347: Untyped function calls may not accept type arguments.
src/features/accounting/api/accountingApi.ts(127,25): error TS2347: Untyped function calls may not accept type arguments.
src/features/accounting/api/accountingApi.ts(137,22): error TS2347: Untyped function calls may not accept type arguments.
src/features/accounting/api/accountingApi.ts(141,21): error TS2347: Untyped function calls may not accept type arguments.
src/features/accounting/api/accountingApi.ts(145,24): error TS2347: Untyped function calls may not accept type arguments.
src/features/accounting/api/accountingApi.ts(153,24): error TS2347: Untyped function calls may not accept type arguments.
src/features/accounting/api/accountingApi.ts(161,24): error TS2347: Untyped function calls may not accept type arguments.
src/features/accounting/api/accountingApi.ts(170,25): error TS2347: Untyped function calls may not accept type arguments.
src/features/accounting/api/accountingApi.ts(174,24): error TS2347: Untyped function calls may not accept type arguments.
src/features/accounting/api/accountingApi.ts(178,27): error TS2347: Untyped function calls may not accept type arguments.
src/features/accounting/api/accountingApi.ts(186,27): error TS2347: Untyped function calls may not accept type arguments.
src/features/accounting/api/accountingApi.ts(194,27): error TS2347: Untyped function calls may not accept type arguments.
src/features/accounting/api/accountingApi.ts(201,26): error TS2347: Untyped function calls may not accept type arguments.
src/features/accounting/api/accountingApi.ts(210,25): error TS2347: Untyped function calls may not accept type arguments.
src/features/accounting/api/accountingApi.ts(214,24): error TS2347: Untyped function calls may not accept type arguments.
src/features/accounting/api/accountingApi.ts(218,27): error TS2347: Untyped function calls may not accept type arguments.
src/features/accounting/api/accountingApi.ts(226,27): error TS2347: Untyped function calls may not accept type arguments.
src/features/accounting/api/accountingApi.ts(234,27): error TS2347: Untyped function calls may not accept type arguments.
src/features/accounting/api/accountingApi.ts(243,26): error TS2347: Untyped function calls may not accept type arguments.
src/features/accounting/api/accountingApi.ts(246,27): error TS2347: Untyped function calls may not accept type arguments.
src/features/accounting/api/accountingApi.ts(249,26): error TS2347: Untyped function calls may not accept type arguments.
src/features/accounting/api/accountingApi.ts(252,23): error TS2347: Untyped function calls may not accept type arguments.
src/features/accounting/api/accountingApi.ts(255,22): error TS2347: Untyped function calls may not accept type arguments.
src/features/accounting/api/accountingApi.ts(258,27): error TS2347: Untyped function calls may not accept type arguments.
src/features/accounting/api/accountingApi.ts(261,30): error TS2347: Untyped function calls may not accept type arguments.
src/features/accounting/api/accountingApi.ts(266,30): error TS2347: Untyped function calls may not accept type arguments.
src/features/accounting/components/EntryDialog.tsx(1,8): error TS1259: Module '"D:/MILELE SOFTEWAR/milele-frontend/node_modules/@types/react/index"' can only be default-imported using the 'esModuleInterop' flag
src/features/accounting/components/EntryDialog.tsx(13,8): error TS2307: Cannot find module '@/components/ui/dialog' or its corresponding type declarations.
src/features/accounting/components/EntryDialog.tsx(21,8): error TS2307: Cannot find module '@/components/ui/form' or its corresponding type declarations.
src/features/accounting/components/EntryDialog.tsx(22,23): error TS2307: Cannot find module '@/components/ui/input' or its corresponding type declarations.
src/features/accounting/components/EntryDialog.tsx(23,24): error TS2307: Cannot find module '@/components/ui/button' or its corresponding type declarations.
src/features/accounting/components/EntryDialog.tsx(30,8): error TS2307: Cannot find module '@/components/ui/select' or its corresponding type declarations.
src/features/accounting/components/EntryDialog.tsx(31,26): error TS2307: Cannot find module '@/components/ui/textarea' or its corresponding type declarations.
src/features/accounting/components/EntryDialog.tsx(39,8): error TS2307: Cannot find module '@/components/ui/command' or its corresponding type declarations.
src/features/accounting/components/EntryDialog.tsx(44,8): error TS2307: Cannot find module '@/components/ui/popover' or its corresponding type declarations.
src/features/accounting/components/EntryDialog.tsx(45,20): error TS2307: Cannot find module '@/lib/utils' or its corresponding type declarations.
src/features/accounting/components/EntryDialog.tsx(46,25): error TS2307: Cannot find module '@/features/auth/hooks/useAuth' or its corresponding type declarations.
src/features/accounting/components/EntryDialog.tsx(55,30): error TS2307: Cannot find module '@/lib/utils' or its corresponding type declarations.
src/features/accounting/components/EntryDialog.tsx(101,35): error TS2304: Cannot find name 'Journal'.
src/features/accounting/components/EntryDialog.tsx(102,38): error TS2304: Cannot find name 'FiscalYear'.
src/features/accounting/components/EntryDialog.tsx(103,35): error TS2304: Cannot find name 'Account'.
src/features/accounting/components/EntryDialog.tsx(224,9): error TS17004: Cannot use JSX unless the '--jsx' flag is provided.
src/features/accounting/components/EntryDialog.tsx(225,13): error TS17004: Cannot use JSX unless the '--jsx' flag is provided.
src/features/accounting/components/EntryDialog.tsx(226,17): error TS17004: Cannot use JSX unless the '--jsx' flag is provided.
src/features/accounting/components/EntryDialog.tsx(227,21): error TS17004: Cannot use JSX unless the '--jsx' flag is provided.
src/features/accounting/components/EntryDialog.tsx(228,25): error TS17004: Cannot use JSX unless the '--jsx' flag is provided.
src/features/accounting/components/EntryDialog.tsx(231,25): error TS17004: Cannot use JSX unless the '--jsx' flag is provided.
src/features/accounting/components/EntryDialog.tsx(236,17): error TS17004: Cannot use JSX unless the '--jsx' flag is provided.
src/features/accounting/components/EntryDialog.tsx(237,21): error TS17004: Cannot use JSX unless the '--jsx' flag is provided.
src/features/accounting/components/EntryDialog.tsx(239,25): error TS17004: Cannot use JSX unless the '--jsx' flag is provided.
src/features/accounting/components/EntryDialog.tsx(240,29): error TS17004: Cannot use JSX unless the '--jsx' flag is provided.
src/features/accounting/components/EntryDialog.tsx(244,37): error TS17004: Cannot use JSX unless the '--jsx' flag is provided.
src/features/accounting/components/EntryDialog.tsx(245,41): error TS17004: Cannot use JSX unless the '--jsx' flag is provided.
src/features/accounting/components/EntryDialog.tsx(246,41): error TS17004: Cannot use JSX unless the '--jsx' flag is provided.
src/features/accounting/components/EntryDialog.tsx(247,45): error TS17004: Cannot use JSX unless the '--jsx' flag is provided.
src/features/accounting/components/EntryDialog.tsx(249,41): error TS17004: Cannot use JSX unless the '--jsx' flag is provided.
src/features/accounting/components/EntryDialog.tsx(253,29): error TS17004: Cannot use JSX unless the '--jsx' flag is provided.
src/features/accounting/components/EntryDialog.tsx(257,37): error TS17004: Cannot use JSX unless the '--jsx' flag is provided.
src/features/accounting/components/EntryDialog.tsx(258,41): error TS17004: Cannot use JSX unless the '--jsx' flag is provided.
src/features/accounting/components/EntryDialog.tsx(259,41): error TS17004: Cannot use JSX unless the '--jsx' flag is provided.
src/features/accounting/components/EntryDialog.tsx(260,45): error TS17004: Cannot use JSX unless the '--jsx' flag is provided.
src/features/accounting/components/EntryDialog.tsx(262,41): error TS17004: Cannot use JSX unless the '--jsx' flag is provided.
src/features/accounting/components/EntryDialog.tsx(266,29): error TS17004: Cannot use JSX unless the '--jsx' flag is provided.
src/features/accounting/components/EntryDialog.tsx(270,37): error TS17004: Cannot use JSX unless the '--jsx' flag is provided.
src/features/accounting/components/EntryDialog.tsx(271,41): error TS17004: Cannot use JSX unless the '--jsx' flag is provided.
src/features/accounting/components/EntryDialog.tsx(272,41): error TS17004: Cannot use JSX unless the '--jsx' flag is provided.
src/features/accounting/components/EntryDialog.tsx(273,45): error TS17004: Cannot use JSX unless the '--jsx' flag is provided.
src/features/accounting/components/EntryDialog.tsx(274,49): error TS17004: Cannot use JSX unless the '--jsx' flag is provided.
src/features/accounting/components/EntryDialog.tsx(275,53): error TS17004: Cannot use JSX unless the '--jsx' flag is provided.
src/features/accounting/components/EntryDialog.tsx(278,45): error TS17004: Cannot use JSX unless the '--jsx' flag is provided.
src/features/accounting/components/EntryDialog.tsx(279,73): error TS2304: Cannot find name 'Journal'.
src/features/accounting/components/EntryDialog.tsx(280,53): error TS17004: Cannot use JSX unless the '--jsx' flag is provided.
src/features/accounting/components/EntryDialog.tsx(286,41): error TS17004: Cannot use JSX unless the '--jsx' flag is provided.
src/features/accounting/components/EntryDialog.tsx(290,29): error TS17004: Cannot use JSX unless the '--jsx' flag is provided.
src/features/accounting/components/EntryDialog.tsx(294,37): error TS17004: Cannot use JSX unless the '--jsx' flag is provided.
src/features/accounting/components/EntryDialog.tsx(295,41): error TS17004: Cannot use JSX unless the '--jsx' flag is provided.
src/features/accounting/components/EntryDialog.tsx(296,41): error TS17004: Cannot use JSX unless the '--jsx' flag is provided.
src/features/accounting/components/EntryDialog.tsx(297,45): error TS17004: Cannot use JSX unless the '--jsx' flag is provided.
src/features/accounting/components/EntryDialog.tsx(298,49): error TS17004: Cannot use JSX unless the '--jsx' flag is provided.
src/features/accounting/components/EntryDialog.tsx(299,53): error TS17004: Cannot use JSX unless the '--jsx' flag is provided.
src/features/accounting/components/EntryDialog.tsx(302,45): error TS17004: Cannot use JSX unless the '--jsx' flag is provided.
src/features/accounting/components/EntryDialog.tsx(303,71): error TS2304: Cannot find name 'FiscalYear'.
src/features/accounting/components/EntryDialog.tsx(304,53): error TS17004: Cannot use JSX unless the '--jsx' flag is provided.
src/features/accounting/components/EntryDialog.tsx(310,41): error TS17004: Cannot use JSX unless the '--jsx' flag is provided.
src/features/accounting/components/EntryDialog.tsx(316,25): error TS17004: Cannot use JSX unless the '--jsx' flag is provided.
src/features/accounting/components/EntryDialog.tsx(320,33): error TS17004: Cannot use JSX unless the '--jsx' flag is provided.
src/features/accounting/components/EntryDialog.tsx(321,37): error TS17004: Cannot use JSX unless the '--jsx' flag is provided.
src/features/accounting/components/EntryDialog.tsx(322,37): error TS17004: Cannot use JSX unless the '--jsx' flag is provided.
src/features/accounting/components/EntryDialog.tsx(323,41): error TS17004: Cannot use JSX unless the '--jsx' flag is provided.
src/features/accounting/components/EntryDialog.tsx(325,37): error TS17004: Cannot use JSX unless the '--jsx' flag is provided.
src/features/accounting/components/EntryDialog.tsx(331,25): error TS17004: Cannot use JSX unless the '--jsx' flag is provided.
src/features/accounting/components/EntryDialog.tsx(332,29): error TS17004: Cannot use JSX unless the '--jsx' flag is provided.
src/features/accounting/components/EntryDialog.tsx(333,33): error TS17004: Cannot use JSX unless the '--jsx' flag is provided.
src/features/accounting/components/EntryDialog.tsx(334,37): error TS17004: Cannot use JSX unless the '--jsx' flag is provided.
src/features/accounting/components/EntryDialog.tsx(335,41): error TS17004: Cannot use JSX unless the '--jsx' flag is provided.
src/features/accounting/components/EntryDialog.tsx(337,37): error TS17004: Cannot use JSX unless the '--jsx' flag is provided.
src/features/accounting/components/EntryDialog.tsx(339,33): error TS17004: Cannot use JSX unless the '--jsx' flag is provided.
src/features/accounting/components/EntryDialog.tsx(346,37): error TS17004: Cannot use JSX unless the '--jsx' flag is provided.
src/features/accounting/components/EntryDialog.tsx(350,29): error TS17004: Cannot use JSX unless the '--jsx' flag is provided.
src/features/accounting/components/EntryDialog.tsx(352,37): error TS17004: Cannot use JSX unless the '--jsx' flag is provided.
src/features/accounting/components/EntryDialog.tsx(353,41): error TS17004: Cannot use JSX unless the '--jsx' flag is provided.
src/features/accounting/components/EntryDialog.tsx(357,49): error TS17004: Cannot use JSX unless the '--jsx' flag is provided.
src/features/accounting/components/EntryDialog.tsx(358,53): error TS17004: Cannot use JSX unless the '--jsx' flag is provided.
src/features/accounting/components/EntryDialog.tsx(359,57): error TS17004: Cannot use JSX unless the '--jsx' flag is provided.
src/features/accounting/components/EntryDialog.tsx(360,61): error TS17004: Cannot use JSX unless the '--jsx' flag is provided.
src/features/accounting/components/EntryDialog.tsx(361,65): error TS17004: Cannot use JSX unless the '--jsx' flag is provided.
src/features/accounting/components/EntryDialog.tsx(370,93): error TS2304: Cannot find name 'Account'.
src/features/accounting/components/EntryDialog.tsx(372,69): error TS17004: Cannot use JSX unless the '--jsx' flag is provided.
src/features/accounting/components/EntryDialog.tsx(376,57): error TS17004: Cannot use JSX unless the '--jsx' flag is provided.
src/features/accounting/components/EntryDialog.tsx(377,61): error TS17004: Cannot use JSX unless the '--jsx' flag is provided.
src/features/accounting/components/EntryDialog.tsx(378,65): error TS17004: Cannot use JSX unless the '--jsx' flag is provided.
src/features/accounting/components/EntryDialog.tsx(379,65): error TS17004: Cannot use JSX unless the '--jsx' flag is provided.
src/features/accounting/components/EntryDialog.tsx(380,69): error TS17004: Cannot use JSX unless the '--jsx' flag is provided.
src/features/accounting/components/EntryDialog.tsx(381,69): error TS17004: Cannot use JSX unless the '--jsx' flag is provided.
src/features/accounting/components/EntryDialog.tsx(382,97): error TS2304: Cannot find name 'Account'.
src/features/accounting/components/EntryDialog.tsx(383,77): error TS17004: Cannot use JSX unless the '--jsx' flag is provided.
src/features/accounting/components/EntryDialog.tsx(395,81): error TS17004: Cannot use JSX unless the '--jsx' flag is provided.
src/features/accounting/components/EntryDialog.tsx(396,85): error TS17004: Cannot use JSX unless the '--jsx' flag is provided.
src/features/accounting/components/EntryDialog.tsx(397,85): error TS17004: Cannot use JSX unless the '--jsx' flag is provided.
src/features/accounting/components/EntryDialog.tsx(399,81): error TS17004: Cannot use JSX unless the '--jsx' flag is provided.
src/features/accounting/components/EntryDialog.tsx(412,53): error TS17004: Cannot use JSX unless the '--jsx' flag is provided.
src/features/accounting/components/EntryDialog.tsx(416,41): error TS17004: Cannot use JSX unless the '--jsx' flag is provided.
src/features/accounting/components/EntryDialog.tsx(420,49): error TS17004: Cannot use JSX unless the '--jsx' flag is provided.
src/features/accounting/components/EntryDialog.tsx(421,53): error TS17004: Cannot use JSX unless the '--jsx' flag is provided.
src/features/accounting/components/EntryDialog.tsx(422,57): error TS17004: Cannot use JSX unless the '--jsx' flag is provided.
src/features/accounting/components/EntryDialog.tsx(424,53): error TS17004: Cannot use JSX unless the '--jsx' flag is provided.
src/features/accounting/components/EntryDialog.tsx(428,41): error TS17004: Cannot use JSX unless the '--jsx' flag is provided.
src/features/accounting/components/EntryDialog.tsx(432,49): error TS17004: Cannot use JSX unless the '--jsx' flag is provided.
src/features/accounting/components/EntryDialog.tsx(433,53): error TS17004: Cannot use JSX unless the '--jsx' flag is provided.
src/features/accounting/components/EntryDialog.tsx(434,57): error TS17004: Cannot use JSX unless the '--jsx' flag is provided.
src/features/accounting/components/EntryDialog.tsx(442,53): error TS17004: Cannot use JSX unless the '--jsx' flag is provided.
src/features/accounting/components/EntryDialog.tsx(446,41): error TS17004: Cannot use JSX unless the '--jsx' flag is provided.
src/features/accounting/components/EntryDialog.tsx(450,49): error TS17004: Cannot use JSX unless the '--jsx' flag is provided.
src/features/accounting/components/EntryDialog.tsx(451,53): error TS17004: Cannot use JSX unless the '--jsx' flag is provided.
src/features/accounting/components/EntryDialog.tsx(452,57): error TS17004: Cannot use JSX unless the '--jsx' flag is provided.
src/features/accounting/components/EntryDialog.tsx(461,53): error TS17004: Cannot use JSX unless the '--jsx' flag is provided.
src/features/accounting/components/EntryDialog.tsx(465,41): error TS17004: Cannot use JSX unless the '--jsx' flag is provided.
src/features/accounting/components/EntryDialog.tsx(466,45): error TS17004: Cannot use JSX unless the '--jsx' flag is provided.
src/features/accounting/components/EntryDialog.tsx(474,49): error TS17004: Cannot use JSX unless the '--jsx' flag is provided.
src/features/accounting/components/EntryDialog.tsx(483,25): error TS17004: Cannot use JSX unless the '--jsx' flag is provided.
src/features/accounting/components/EntryDialog.tsx(484,29): error TS17004: Cannot use JSX unless the '--jsx' flag is provided.
src/features/accounting/components/EntryDialog.tsx(485,33): error TS17004: Cannot use JSX unless the '--jsx' flag is provided.
src/features/accounting/components/EntryDialog.tsx(486,37): error TS17004: Cannot use JSX unless the '--jsx' flag is provided.
src/features/accounting/components/EntryDialog.tsx(487,37): error TS17004: Cannot use JSX unless the '--jsx' flag is provided.
src/features/accounting/components/EntryDialog.tsx(489,33): error TS17004: Cannot use JSX unless the '--jsx' flag is provided.
src/features/accounting/components/EntryDialog.tsx(490,37): error TS17004: Cannot use JSX unless the '--jsx' flag is provided.
src/features/accounting/components/EntryDialog.tsx(491,37): error TS17004: Cannot use JSX unless the '--jsx' flag is provided.
src/features/accounting/components/EntryDialog.tsx(493,33): error TS17004: Cannot use JSX unless the '--jsx' flag is provided.
src/features/accounting/components/EntryDialog.tsx(494,37): error TS17004: Cannot use JSX unless the '--jsx' flag is provided.
src/features/accounting/components/EntryDialog.tsx(495,37): error TS17004: Cannot use JSX unless the '--jsx' flag is provided.
src/features/accounting/components/EntryDialog.tsx(504,29): error TS17004: Cannot use JSX unless the '--jsx' flag is provided.
src/features/accounting/components/EntryDialog.tsx(506,37): error TS17004: Cannot use JSX unless the '--jsx' flag is provided.
src/features/accounting/components/EntryDialog.tsx(507,41): error TS17004: Cannot use JSX unless the '--jsx' flag is provided.
src/features/accounting/components/EntryDialog.tsx(510,37): error TS17004: Cannot use JSX unless the '--jsx' flag is provided.
src/features/accounting/components/EntryDialog.tsx(511,41): error TS17004: Cannot use JSX unless the '--jsx' flag is provided.
src/features/accounting/components/EntryDialog.tsx(515,33): error TS17004: Cannot use JSX unless the '--jsx' flag is provided.
src/features/accounting/components/EntryDialog.tsx(516,37): error TS17004: Cannot use JSX unless the '--jsx' flag is provided.
src/features/accounting/components/EntryDialog.tsx(519,37): error TS17004: Cannot use JSX unless the '--jsx' flag is provided.
src/features/accounting/components/EntryDialog.tsx(525,45): error TS17004: Cannot use JSX unless the '--jsx' flag is provided.
